// Jest Snapshot v1, https://goo.gl/fbAQLP

exports[`<ShowcaseJakub /> renders author Jakub page 1`] = `
<main
  className="MuiGrid-root ShowcaseJakub-root-1 MuiGrid-container"
>
  <div
    className="MuiGrid-root ShowcaseJakub-image-2 MuiGrid-item MuiGrid-grid-sm-4 MuiGrid-grid-md-7"
  />
  <div
    className="MuiPaper-root MuiGrid-root ShowcaseJakub-rightSide-4 MuiGrid-item MuiGrid-grid-xs-12 MuiGrid-grid-sm-8 MuiGrid-grid-md-5 MuiPaper-elevation6"
  >
    <div
      className="ShowcaseJakub-paper-3"
    >
      <div
        className="MuiPaper-root MuiCard-root ShowcaseJakub-avatarCard-5 MuiPaper-elevation1 MuiPaper-rounded"
      >
        <img
          alt="Jakub's avatar"
          className="MuiCardMedia-root ShowcaseJakub-avatar-6 MuiCardMedia-media MuiCardMedia-img"
        />
      </div>
      <div
        className="MuiBox-root MuiBox-root-144"
      >
        <h1
          className="MuiTypography-root MuiTypography-h2"
          mt={2}
        />
      </div>
      <div
        className="MuiBox-root MuiBox-root-175"
      >
        <body1
          className="MuiTypography-root MuiTypography-h5"
        >
          I am one of the authors co-creating the Intelligent Home website, as part of the "Patronage" project organized by Intive.
        </body1>
      </div>
      <div
        className="MuiBox-root MuiBox-root-176"
      />
      <div
        className="MuiBox-root MuiBox-root-177"
      >
        <footer
          className="ShowcaseJakub-footer-7"
        >
          <p
            className="MuiTypography-root MuiTypography-body2 MuiTypography-colorTextSecondary MuiTypography-alignCenter"
          >
            Github account:  
            <a
              className="MuiTypography-root MuiLink-root MuiLink-underlineHover MuiTypography-colorPrimary"
              onBlur={[Function]}
              onFocus={[Function]}
              target="_blank"
            >
              jwieckowski
            </a>
             
            intive 
             
            2020
            .
          </p>
        </footer>
      </div>
    </div>
  </div>
</main>
`;
